
> dubai-spares-cis@0.0.0 dev
> vite --host 127.0.0.1 --port 5175


  [32m[1mVITE[22m v5.4.21[39m  [2mready in [0m[1m532[22m[2m[0m ms[22m

  [32m➜[39m  [1mLocal[22m:   [36mhttp://127.0.0.1:[1m5175[22m/[39m
[2m14:17:20[22m [36m[1m[vite][22m[39m [32mhmr update [39m[2m/screens/OrderDetailsScreen.tsx, /tailwind.css[22m
[2m14:18:35[22m [36m[1m[vite][22m[39m [32mhmr update [39m[2m/screens/OrderDetailsScreen.tsx, /tailwind.css[22m
[2m14:55:05[22m [36m[1m[vite][22m[39m [32mhmr update [39m[2m/tailwind.css, /screens/PublicQuoteScreen.tsx, /screens/OrdersScreen.tsx, /screens/OrderDetailsScreen.tsx[22m
[2m14:55:17[22m [36m[1m[vite][22m[39m [32mhmr update [39m[2m/screens/OrderDetailsScreen.tsx, /tailwind.css[22m
[2m14:56:18[22m [36m[1m[vite][22m[39m [32mhmr update [39m[2m/screens/OrderDetailsScreen.tsx, /tailwind.css[22m
[2m14:56:42[22m [36m[1m[vite][22m[39m [32mhmr update [39m[2m/screens/OrderDetailsScreen.tsx, /tailwind.css[22m
[2m14:56:52[22m [36m[1m[vite][22m[39m [32mhmr update [39m[2m/screens/OrderDetailsScreen.tsx, /tailwind.css[22m
[2m14:57:54[22m [36m[1m[vite][22m[39m [32mhmr update [39m[2m/screens/OrderDetailsScreen.tsx, /tailwind.css[22m
[2m14:59:22[22m [36m[1m[vite][22m[39m [32mhmr update [39m[2m/screens/OrderDetailsScreen.tsx, /tailwind.css[22m
[2m15:00:23[22m [36m[1m[vite][22m[39m [32mhmr update [39m[2m/tailwind.css, /screens/PublicQuoteScreen.tsx, /screens/OrdersScreen.tsx, /screens/OrderDetailsScreen.tsx[22m
[2m15:45:09[22m [36m[1m[vite][22m[39m [32mhmr update [39m[2m/tailwind.css, /screens/PublicQuoteScreen.tsx, /screens/OrdersScreen.tsx, /screens/OrderDetailsScreen.tsx[22m
[2m15:45:15[22m [36m[1m[vite][22m[39m [32mhmr update [39m[2m/screens/OrderDetailsScreen.tsx, /tailwind.css[22m
[2m15:45:36[22m [36m[1m[vite][22m[39m [32mhmr update [39m[2m/screens/OrderDetailsScreen.tsx, /tailwind.css[22m
[2m15:46:08[22m [36m[1m[vite][22m[39m [32mhmr update [39m[2m/screens/OrderDetailsScreen.tsx, /tailwind.css[22m
[2m15:46:31[22m [36m[1m[vite][22m[39m [32mhmr update [39m[2m/screens/OrderDetailsScreen.tsx, /tailwind.css[22m
[2m15:49:47[22m [36m[1m[vite][22m[39m [32mhmr update [39m[2m/tailwind.css, /screens/PublicQuoteScreen.tsx, /screens/OrdersScreen.tsx, /screens/OrderDetailsScreen.tsx[22m
[2m15:49:57[22m [36m[1m[vite][22m[39m [32mhmr update [39m[2m/screens/OrderDetailsScreen.tsx, /tailwind.css[22m
[2m15:50:10[22m [36m[1m[vite][22m[39m [32mhmr update [39m[2m/screens/OrderDetailsScreen.tsx, /tailwind.css[22m
[2m15:50:23[22m [36m[1m[vite][22m[39m [32mhmr update [39m[2m/screens/OrderDetailsScreen.tsx, /tailwind.css[22m
[2m16:04:33[22m [36m[1m[vite][22m[39m [32mhmr update [39m[2m/tailwind.css, /screens/PublicOrderFormScreen.tsx, /screens/OrdersScreen.tsx, /screens/OrderDetailsScreen.tsx, /App.tsx, /screens/SettingsScreen.tsx[22m
[2m16:04:49[22m [36m[1m[vite][22m[39m [32mpage reload [39m[2mpublicQuoteApi.ts[22m
[2m16:05:08[22m [36m[1m[vite][22m[39m [32mhmr update [39m[2m/tailwind.css, /screens/PublicQuoteScreen.tsx[22m
[2m16:05:20[22m [36m[1m[vite][22m[39m [32mpage reload [39m[2mshareUtils.ts[22m
[2m16:05:45[22m [36m[1m[vite][22m[39m [32mhmr update [39m[2m/screens/OrderDetailsScreen.tsx, /tailwind.css[22m
[2m16:05:53[22m [36m[1m[vite][22m[39m [32mhmr update [39m[2m/screens/OrderDetailsScreen.tsx, /tailwind.css[22m
[2m16:06:05[22m [36m[1m[vite][22m[39m [32mhmr update [39m[2m/screens/OrderDetailsScreen.tsx, /tailwind.css[22m
[2m16:06:50[22m [36m[1m[vite][22m[39m [32mhmr update [39m[2m/screens/OrderDetailsScreen.tsx, /tailwind.css[22m
[2m16:06:59[22m [36m[1m[vite][22m[39m [32mhmr update [39m[2m/screens/OrderDetailsScreen.tsx, /tailwind.css[22m
[2m16:08:12[22m [36m[1m[vite][22m[39m [32mhmr update [39m[2m/screens/OrderDetailsScreen.tsx, /tailwind.css[22m
[2m16:09:42[22m [36m[1m[vite][22m[39m [32mhmr update [39m[2m/screens/OrderDetailsScreen.tsx, /tailwind.css[22m
[2m16:09:52[22m [36m[1m[vite][22m[39m [32mhmr update [39m[2m/tailwind.css, /screens/PublicQuoteScreen.tsx, /screens/OrdersScreen.tsx, /screens/OrderDetailsScreen.tsx[22m
[2m16:10:05[22m [36m[1m[vite][22m[39m [32mhmr update [39m[2m/tailwind.css, /screens/PublicQuoteScreen.tsx, /screens/OrdersScreen.tsx, /screens/OrderDetailsScreen.tsx[22m
[2m16:10:17[22m [36m[1m[vite][22m[39m [32mhmr update [39m[2m/screens/PublicQuoteScreen.tsx, /tailwind.css[22m
[2m16:10:30[22m [36m[1m[vite][22m[39m [32mhmr update [39m[2m/screens/PublicQuoteScreen.tsx, /tailwind.css[22m
[2m16:11:07[22m [36m[1m[vite][22m[39m [32mhmr update [39m[2m/screens/PublicQuoteScreen.tsx, /tailwind.css[22m
[2m19:02:29[22m [36m[1m[vite][22m[39m [32mpage reload [39m[2mshareUtils.ts[22m
[2m19:02:37[22m [36m[1m[vite][22m[39m [32mhmr update [39m[2m/screens/OrderDetailsScreen.tsx, /tailwind.css[22m
[2m19:02:43[22m [36m[1m[vite][22m[39m [32mhmr update [39m[2m/screens/OrderDetailsScreen.tsx, /tailwind.css[22m
[2m19:02:43[22m [36m[1m[vite][22m[39m [32mhmr update [39m[2m/screens/OrderDetailsScreen.tsx, /tailwind.css[22m
[2m19:03:09[22m [36m[1m[vite][22m[39m [32mhmr update [39m[2m/screens/OrderDetailsScreen.tsx, /tailwind.css[22m
[2m19:03:14[22m [36m[1m[vite][22m[39m [32mhmr update [39m[2m/screens/OrderDetailsScreen.tsx, /tailwind.css[22m
[2m19:03:18[22m [36m[1m[vite][22m[39m [32mhmr update [39m[2m/screens/OrderDetailsScreen.tsx, /tailwind.css[22m
[2m19:03:33[22m [36m[1m[vite][22m[39m [32mhmr update [39m[2m/screens/OrderDetailsScreen.tsx, /tailwind.css[22m
[2m19:03:51[22m [36m[1m[vite][22m[39m [32mhmr update [39m[2m/screens/OrderDetailsScreen.tsx, /tailwind.css[22m
[2m19:04:04[22m [36m[1m[vite][22m[39m [32mhmr update [39m[2m/screens/OrderDetailsScreen.tsx, /tailwind.css[22m
[2m19:04:19[22m [36m[1m[vite][22m[39m [32mhmr update [39m[2m/screens/OrderDetailsScreen.tsx, /tailwind.css[22m
[2m19:04:32[22m [36m[1m[vite][22m[39m [32mhmr update [39m[2m/screens/OrderDetailsScreen.tsx, /tailwind.css[22m
[2m19:04:33[22m [36m[1m[vite][22m[39m [32mhmr update [39m[2m/screens/OrderDetailsScreen.tsx, /tailwind.css[22m
[2m19:04:51[22m [36m[1m[vite][22m[39m [32mhmr update [39m[2m/screens/OrderDetailsScreen.tsx, /tailwind.css[22m
[2m19:05:02[22m [36m[1m[vite][22m[39m [32mhmr update [39m[2m/screens/OrderDetailsScreen.tsx, /tailwind.css[22m
[2m19:05:13[22m [36m[1m[vite][22m[39m [32mhmr update [39m[2m/screens/OrderDetailsScreen.tsx, /tailwind.css[22m
[2m19:05:24[22m [36m[1m[vite][22m[39m [32mhmr update [39m[2m/screens/OrderDetailsScreen.tsx, /tailwind.css[22m
[2m19:05:57[22m [36m[1m[vite][22m[39m [32mhmr update [39m[2m/screens/OrderDetailsScreen.tsx, /tailwind.css[22m
[2m19:06:02[22m [36m[1m[vite][22m[39m [32mhmr update [39m[2m/screens/OrderDetailsScreen.tsx, /tailwind.css[22m
[2m19:06:10[22m [36m[1m[vite][22m[39m [32mhmr update [39m[2m/screens/OrderDetailsScreen.tsx, /tailwind.css[22m
[2m19:06:14[22m [36m[1m[vite][22m[39m [32mhmr update [39m[2m/screens/OrderDetailsScreen.tsx, /tailwind.css[22m
[2m19:06:30[22m [36m[1m[vite][22m[39m [32mhmr update [39m[2m/screens/OrderDetailsScreen.tsx, /tailwind.css[22m
[2m19:06:38[22m [36m[1m[vite][22m[39m [32mhmr update [39m[2m/screens/OrderDetailsScreen.tsx, /tailwind.css[22m
[2m19:06:47[22m [36m[1m[vite][22m[39m [32mhmr update [39m[2m/screens/OrderDetailsScreen.tsx, /tailwind.css[22m
[2m19:06:52[22m [36m[1m[vite][22m[39m [32mhmr update [39m[2m/screens/OrderDetailsScreen.tsx, /tailwind.css[22m
[2m19:06:59[22m [36m[1m[vite][22m[39m [32mhmr update [39m[2m/screens/PartDetailsScreen.tsx, /tailwind.css[22m
[2m19:07:19[22m [36m[1m[vite][22m[39m [32mhmr update [39m[2m/screens/PartDetailsScreen.tsx, /tailwind.css[22m
[2m19:07:37[22m [36m[1m[vite][22m[39m [32mhmr update [39m[2m/screens/PartDetailsScreen.tsx, /tailwind.css[22m
[2m19:07:44[22m [36m[1m[vite][22m[39m [32mhmr update [39m[2m/screens/PartDetailsScreen.tsx, /tailwind.css[22m
[2m19:07:51[22m [36m[1m[vite][22m[39m [32mhmr update [39m[2m/screens/PartDetailsScreen.tsx, /tailwind.css[22m
[2m19:08:09[22m [36m[1m[vite][22m[39m [32mhmr update [39m[2m/screens/PartDetailsScreen.tsx, /tailwind.css[22m
[2m19:08:16[22m [36m[1m[vite][22m[39m [32mhmr update [39m[2m/screens/PartDetailsScreen.tsx, /tailwind.css[22m
[2m19:08:23[22m [36m[1m[vite][22m[39m [32mhmr update [39m[2m/screens/PartDetailsScreen.tsx, /tailwind.css[22m
[2m19:08:44[22m [36m[1m[vite][22m[39m [32mhmr update [39m[2m/App.tsx, /tailwind.css[22m
[2m19:15:22[22m [36m[1m[vite][22m[39m [32mhmr update [39m[2m/tailwind.css, /screens/PublicOrderFormScreen.tsx, /App.tsx, /screens/OrdersScreen.tsx, /screens/OrderDetailsScreen.tsx, /screens/SettingsScreen.tsx, /screens/PartDetailsScreen.tsx[22m
[2m19:15:31[22m [36m[1m[vite][22m[39m [32mhmr update [39m[2m/tailwind.css, /screens/PublicOrderFormScreen.tsx, /App.tsx, /screens/OrdersScreen.tsx, /screens/OrderDetailsScreen.tsx, /screens/SettingsScreen.tsx, /screens/PartDetailsScreen.tsx[22m
[2m19:15:38[22m [36m[1m[vite][22m[39m [32mhmr update [39m[2m/tailwind.css, /screens/PublicOrderFormScreen.tsx, /App.tsx, /screens/OrdersScreen.tsx, /screens/OrderDetailsScreen.tsx, /screens/SettingsScreen.tsx, /screens/PartDetailsScreen.tsx[22m
[2m19:26:00[22m [36m[1m[vite][22m[39m [32mhmr update [39m[2m/screens/OrderDetailsScreen.tsx, /tailwind.css[22m
[2m19:27:00[22m [36m[1m[vite][22m[39m [32mhmr update [39m[2m/screens/OrderDetailsScreen.tsx, /tailwind.css[22m
[2m19:27:01[22m [36m[1m[vite][22m[39m [32mhmr update [39m[2m/screens/OrderDetailsScreen.tsx, /tailwind.css[22m
[2m19:27:13[22m [36m[1m[vite][22m[39m [32mhmr update [39m[2m/screens/OrderDetailsScreen.tsx, /tailwind.css[22m
[2m19:33:57[22m [36m[1m[vite][22m[39m [32mhmr update [39m[2m/screens/OrderDetailsScreen.tsx, /tailwind.css[22m
[2m19:33:57[22m [36m[1m[vite][22m[39m [32mhmr update [39m[2m/screens/OrderDetailsScreen.tsx, /tailwind.css[22m
[2m19:34:16[22m [36m[1m[vite][22m[39m [32mhmr update [39m[2m/screens/OrderDetailsScreen.tsx, /tailwind.css[22m
[2m19:34:17[22m [36m[1m[vite][22m[39m [32mhmr update [39m[2m/screens/OrderDetailsScreen.tsx, /tailwind.css[22m
[2m19:48:10[22m [36m[1m[vite][22m[39m [32mhmr update [39m[2m/tailwind.css, /screens/PublicOrderFormScreen.tsx, /App.tsx, /screens/OrdersScreen.tsx, /screens/OrderDetailsScreen.tsx, /screens/SettingsScreen.tsx, /screens/PartDetailsScreen.tsx, /screens/SuppliersScreen.tsx, /screens/LeadsScreen.tsx[22m
[2m19:48:19[22m [36m[1m[vite][22m[39m [32mhmr update [39m[2m/tailwind.css, /screens/PublicOrderFormScreen.tsx, /App.tsx, /screens/OrdersScreen.tsx, /screens/OrderDetailsScreen.tsx, /screens/SettingsScreen.tsx, /screens/PartDetailsScreen.tsx, /screens/SuppliersScreen.tsx, /screens/LeadsScreen.tsx[22m
[2m19:48:25[22m [36m[1m[vite][22m[39m [32mhmr update [39m[2m/tailwind.css, /screens/PublicOrderFormScreen.tsx, /App.tsx, /screens/OrdersScreen.tsx, /screens/OrderDetailsScreen.tsx, /screens/SettingsScreen.tsx, /screens/PartDetailsScreen.tsx, /screens/SuppliersScreen.tsx, /screens/LeadsScreen.tsx[22m
[2m19:48:29[22m [36m[1m[vite][22m[39m [32mhmr update [39m[2m/tailwind.css, /screens/PublicOrderFormScreen.tsx, /App.tsx, /screens/OrdersScreen.tsx, /screens/OrderDetailsScreen.tsx, /screens/SettingsScreen.tsx, /screens/PartDetailsScreen.tsx, /screens/SuppliersScreen.tsx, /screens/LeadsScreen.tsx[22m
[2m19:48:43[22m [36m[1m[vite][22m[39m [32mhmr update [39m[2m/tailwind.css, /screens/PublicOrderFormScreen.tsx, /App.tsx, /screens/OrdersScreen.tsx, /screens/OrderDetailsScreen.tsx, /screens/SettingsScreen.tsx, /screens/PartDetailsScreen.tsx, /screens/SuppliersScreen.tsx, /screens/LeadsScreen.tsx[22m
[2m19:48:49[22m [36m[1m[vite][22m[39m [32mhmr update [39m[2m/tailwind.css, /screens/PublicOrderFormScreen.tsx, /App.tsx, /screens/OrdersScreen.tsx, /screens/OrderDetailsScreen.tsx, /screens/SettingsScreen.tsx, /screens/PartDetailsScreen.tsx, /screens/SuppliersScreen.tsx, /screens/LeadsScreen.tsx[22m
[2m19:48:58[22m [36m[1m[vite][22m[39m [32mhmr update [39m[2m/tailwind.css, /screens/PublicOrderFormScreen.tsx, /App.tsx, /screens/OrdersScreen.tsx, /screens/OrderDetailsScreen.tsx, /screens/SettingsScreen.tsx, /screens/PartDetailsScreen.tsx, /screens/SuppliersScreen.tsx, /screens/LeadsScreen.tsx[22m
[2m19:49:45[22m [36m[1m[vite][22m[39m [32mhmr update [39m[2m/tailwind.css, /screens/PublicOrderFormScreen.tsx, /App.tsx, /screens/OrdersScreen.tsx, /screens/OrderDetailsScreen.tsx, /screens/SettingsScreen.tsx, /screens/PartDetailsScreen.tsx, /screens/SuppliersScreen.tsx, /screens/LeadsScreen.tsx[22m
[2m19:50:05[22m [36m[1m[vite][22m[39m [32mhmr update [39m[2m/tailwind.css, /screens/PublicOrderFormScreen.tsx, /App.tsx, /screens/OrdersScreen.tsx, /screens/OrderDetailsScreen.tsx, /screens/SettingsScreen.tsx, /screens/PartDetailsScreen.tsx, /screens/SuppliersScreen.tsx, /screens/LeadsScreen.tsx[22m
[2m19:50:10[22m [36m[1m[vite][22m[39m [32mhmr update [39m[2m/tailwind.css, /screens/PublicOrderFormScreen.tsx, /App.tsx, /screens/OrdersScreen.tsx, /screens/OrderDetailsScreen.tsx, /screens/SettingsScreen.tsx, /screens/PartDetailsScreen.tsx, /screens/SuppliersScreen.tsx, /screens/LeadsScreen.tsx[22m
[2m19:50:27[22m [36m[1m[vite][22m[39m [32mhmr update [39m[2m/tailwind.css, /screens/PublicOrderFormScreen.tsx, /App.tsx, /screens/OrdersScreen.tsx, /screens/OrderDetailsScreen.tsx, /screens/SettingsScreen.tsx, /screens/PartDetailsScreen.tsx, /screens/SuppliersScreen.tsx, /screens/LeadsScreen.tsx[22m
[2m19:50:56[22m [36m[1m[vite][22m[39m [32mhmr update [39m[2m/tailwind.css, /screens/PublicOrderFormScreen.tsx, /App.tsx, /screens/OrdersScreen.tsx, /screens/OrderDetailsScreen.tsx, /screens/SettingsScreen.tsx, /screens/PartDetailsScreen.tsx, /screens/SuppliersScreen.tsx, /screens/LeadsScreen.tsx[22m
[2m19:51:03[22m [36m[1m[vite][22m[39m [32mhmr update [39m[2m/tailwind.css, /screens/PublicOrderFormScreen.tsx, /App.tsx, /screens/OrdersScreen.tsx, /screens/OrderDetailsScreen.tsx, /screens/SettingsScreen.tsx, /screens/PartDetailsScreen.tsx, /screens/SuppliersScreen.tsx, /screens/LeadsScreen.tsx[22m
[2m19:51:46[22m [36m[1m[vite][22m[39m [32mhmr update [39m[2m/tailwind.css, /screens/PublicOrderFormScreen.tsx, /App.tsx, /screens/OrdersScreen.tsx, /screens/OrderDetailsScreen.tsx, /screens/SettingsScreen.tsx, /screens/PartDetailsScreen.tsx, /screens/SuppliersScreen.tsx, /screens/LeadsScreen.tsx[22m
[2m19:52:11[22m [36m[1m[vite][22m[39m [32mhmr update [39m[2m/tailwind.css, /screens/PublicOrderFormScreen.tsx, /App.tsx, /screens/OrdersScreen.tsx, /screens/OrderDetailsScreen.tsx, /screens/SettingsScreen.tsx, /screens/PartDetailsScreen.tsx, /screens/SuppliersScreen.tsx, /screens/LeadsScreen.tsx[22m
[2m19:52:18[22m [36m[1m[vite][22m[39m [32mhmr update [39m[2m/tailwind.css, /screens/PublicOrderFormScreen.tsx, /App.tsx, /screens/OrdersScreen.tsx, /screens/OrderDetailsScreen.tsx, /screens/SettingsScreen.tsx, /screens/PartDetailsScreen.tsx, /screens/SuppliersScreen.tsx, /screens/LeadsScreen.tsx[22m
[2m19:52:29[22m [36m[1m[vite][22m[39m [32mhmr update [39m[2m/tailwind.css, /screens/PublicOrderFormScreen.tsx, /App.tsx, /screens/OrdersScreen.tsx, /screens/OrderDetailsScreen.tsx, /screens/SettingsScreen.tsx, /screens/PartDetailsScreen.tsx, /screens/SuppliersScreen.tsx, /screens/LeadsScreen.tsx[22m
[2m19:52:35[22m [36m[1m[vite][22m[39m [32mhmr update [39m[2m/tailwind.css, /screens/PublicOrderFormScreen.tsx, /App.tsx, /screens/OrdersScreen.tsx, /screens/OrderDetailsScreen.tsx, /screens/SettingsScreen.tsx, /screens/PartDetailsScreen.tsx, /screens/SuppliersScreen.tsx, /screens/LeadsScreen.tsx[22m
[2m19:52:41[22m [36m[1m[vite][22m[39m [32mhmr update [39m[2m/tailwind.css, /screens/PublicOrderFormScreen.tsx, /App.tsx, /screens/OrdersScreen.tsx, /screens/OrderDetailsScreen.tsx, /screens/SettingsScreen.tsx, /screens/PartDetailsScreen.tsx, /screens/SuppliersScreen.tsx, /screens/LeadsScreen.tsx[22m
[2m19:52:51[22m [36m[1m[vite][22m[39m [32mhmr update [39m[2m/tailwind.css, /screens/PublicOrderFormScreen.tsx, /App.tsx, /screens/OrdersScreen.tsx, /screens/OrderDetailsScreen.tsx, /screens/SettingsScreen.tsx, /screens/PartDetailsScreen.tsx, /screens/SuppliersScreen.tsx, /screens/LeadsScreen.tsx[22m
[2m19:53:22[22m [36m[1m[vite][22m[39m [32mhmr update [39m[2m/tailwind.css, /screens/PublicOrderFormScreen.tsx, /App.tsx, /screens/OrdersScreen.tsx, /screens/OrderDetailsScreen.tsx, /screens/SettingsScreen.tsx, /screens/PartDetailsScreen.tsx, /screens/SuppliersScreen.tsx, /screens/LeadsScreen.tsx[22m
[2m19:55:13[22m [36m[1m[vite][22m[39m [32mhmr update [39m[2m/tailwind.css, /App.tsx, /screens/OrdersScreen.tsx, /screens/OrderDetailsScreen.tsx, /screens/SettingsScreen.tsx, /screens/PartDetailsScreen.tsx, /screens/SuppliersScreen.tsx, /screens/LeadsScreen.tsx[22m
[2m19:55:28[22m [36m[1m[vite][22m[39m [32mhmr update [39m[2m/tailwind.css, /screens/PublicOrderFormScreen.tsx, /screens/OrdersScreen.tsx, /screens/LeadsScreen.tsx, /App.tsx, /screens/OrderDetailsScreen.tsx, /screens/SettingsScreen.tsx, /screens/PartDetailsScreen.tsx, /screens/SuppliersScreen.tsx[22m
[2m19:55:34[22m [36m[1m[vite][22m[39m [32mhmr update [39m[2m/tailwind.css, /screens/PublicOrderFormScreen.tsx, /screens/OrdersScreen.tsx, /screens/LeadsScreen.tsx, /App.tsx, /screens/OrderDetailsScreen.tsx, /screens/SettingsScreen.tsx, /screens/PartDetailsScreen.tsx, /screens/SuppliersScreen.tsx[22m
[2m19:55:43[22m [36m[1m[vite][22m[39m [32mhmr update [39m[2m/tailwind.css, /screens/PublicOrderFormScreen.tsx, /screens/OrdersScreen.tsx, /screens/LeadsScreen.tsx, /App.tsx, /screens/OrderDetailsScreen.tsx, /screens/SettingsScreen.tsx, /screens/PartDetailsScreen.tsx, /screens/SuppliersScreen.tsx[22m
[2m00:42:56[22m [36m[1m[vite][22m[39m [32mhmr update [39m[2m/tailwind.css, /screens/PublicOrderFormScreen.tsx, /screens/OrdersScreen.tsx, /screens/OrderDetailsScreen.tsx, /App.tsx, /screens/SettingsScreen.tsx, /screens/PartDetailsScreen.tsx, /screens/SuppliersScreen.tsx, /screens/LeadsScreen.tsx, /screens/VariantsScreen.tsx[22m
[2m00:43:12[22m [36m[1m[vite][22m[39m [32mhmr update [39m[2m/tailwind.css, /screens/PublicOrderFormScreen.tsx, /App.tsx, /screens/OrdersScreen.tsx, /screens/OrderDetailsScreen.tsx, /screens/SettingsScreen.tsx, /screens/PartDetailsScreen.tsx, /screens/SuppliersScreen.tsx, /screens/LeadsScreen.tsx, /screens/VariantsScreen.tsx[22m
[2m00:43:25[22m [36m[1m[vite][22m[39m [32mhmr update [39m[2m/tailwind.css, /screens/PublicOrderFormScreen.tsx, /App.tsx, /screens/OrdersScreen.tsx, /screens/OrderDetailsScreen.tsx, /screens/SettingsScreen.tsx, /screens/PartDetailsScreen.tsx, /screens/SuppliersScreen.tsx, /screens/LeadsScreen.tsx, /screens/VariantsScreen.tsx[22m
[2m00:43:42[22m [36m[1m[vite][22m[39m [32mpage reload [39m[2mappSettings.ts[22m
[2m00:43:49[22m [36m[1m[vite][22m[39m [32mpage reload [39m[2mshareUtils.ts[22m
[2m00:44:01[22m [36m[1m[vite][22m[39m [32mpage reload [39m[2mpublicQuoteApi.ts[22m
[2m00:44:07[22m [36m[1m[vite][22m[39m [32mpage reload [39m[2mpublicQuoteApi.ts[22m
[2m00:44:13[22m [36m[1m[vite][22m[39m [32mpage reload [39m[2mpublicQuoteApi.ts[22m
[2m00:44:23[22m [36m[1m[vite][22m[39m [32mpage reload [39m[2mpublicQuoteApi.ts[22m
[2m00:44:30[22m [36m[1m[vite][22m[39m [32mpage reload [39m[2mpublicQuoteApi.ts[22m
[2m00:44:39[22m [36m[1m[vite][22m[39m [32mpage reload [39m[2mpublicQuoteApi.ts[22m
[2m00:44:59[22m [36m[1m[vite][22m[39m [32mpage reload [39m[2mpublicQuoteApi.ts[22m
[2m00:45:11[22m [36m[1m[vite][22m[39m [32mhmr update [39m[2m/tailwind.css, /screens/PublicQuoteScreen.tsx[22m
[2m00:45:23[22m [36m[1m[vite][22m[39m [32mhmr update [39m[2m/screens/PublicQuoteScreen.tsx, /tailwind.css[22m
[2m00:45:34[22m [36m[1m[vite][22m[39m [32mhmr update [39m[2m/screens/PublicQuoteScreen.tsx, /tailwind.css[22m
[2m00:45:46[22m [36m[1m[vite][22m[39m [32mhmr update [39m[2m/screens/PublicQuoteScreen.tsx, /tailwind.css[22m
[2m00:45:56[22m [36m[1m[vite][22m[39m [32mhmr update [39m[2m/screens/PublicQuoteScreen.tsx, /tailwind.css[22m
[2m00:45:56[22m [36m[1m[vite][22m[39m [32mhmr update [39m[2m/screens/PublicQuoteScreen.tsx, /tailwind.css[22m
[2m00:46:04[22m [36m[1m[vite][22m[39m [32mhmr update [39m[2m/screens/PublicQuoteScreen.tsx, /tailwind.css[22m
[2m00:46:19[22m [36m[1m[vite][22m[39m [32mhmr update [39m[2m/tailwind.css, /screens/PublicQuoteScreen.tsx, /components/EstimateModal.tsx[22m
[2m00:46:32[22m [36m[1m[vite][22m[39m [32mpage reload [39m[2mpublicQuoteApi.ts[22m
[2m00:47:18[22m [36m[1m[vite][22m[39m [32mhmr update [39m[2m/screens/OrderDetailsScreen.tsx, /tailwind.css[22m
[2m00:47:27[22m [36m[1m[vite][22m[39m [32mhmr update [39m[2m/screens/OrderDetailsScreen.tsx, /tailwind.css[22m
[2m00:47:32[22m [36m[1m[vite][22m[39m [32mhmr update [39m[2m/screens/OrderDetailsScreen.tsx, /tailwind.css[22m
[2m00:47:40[22m [36m[1m[vite][22m[39m [32mhmr update [39m[2m/screens/OrderDetailsScreen.tsx, /tailwind.css[22m
[2m00:47:46[22m [36m[1m[vite][22m[39m [32mhmr update [39m[2m/screens/OrderDetailsScreen.tsx, /tailwind.css[22m
[2m00:47:50[22m [36m[1m[vite][22m[39m [32mhmr update [39m[2m/screens/OrderDetailsScreen.tsx, /tailwind.css[22m
[2m00:47:50[22m [36m[1m[vite][22m[39m [32mhmr update [39m[2m/screens/OrderDetailsScreen.tsx, /tailwind.css[22m
[2m00:48:20[22m [36m[1m[vite][22m[39m [32mhmr update [39m[2m/screens/OrderDetailsScreen.tsx, /tailwind.css[22m
[2m00:48:26[22m [36m[1m[vite][22m[39m [32mhmr update [39m[2m/screens/OrderDetailsScreen.tsx, /tailwind.css[22m
[2m00:48:31[22m [36m[1m[vite][22m[39m [32mhmr update [39m[2m/screens/OrderDetailsScreen.tsx, /tailwind.css[22m
[2m00:48:46[22m [36m[1m[vite][22m[39m [32mhmr update [39m[2m/screens/OrderDetailsScreen.tsx, /tailwind.css[22m
[2m00:48:53[22m [36m[1m[vite][22m[39m [32mhmr update [39m[2m/screens/OrderDetailsScreen.tsx, /tailwind.css[22m
[2m00:48:53[22m [36m[1m[vite][22m[39m [32mhmr update [39m[2m/screens/OrderDetailsScreen.tsx, /tailwind.css[22m
[2m00:49:00[22m [36m[1m[vite][22m[39m [32mhmr update [39m[2m/screens/OrderDetailsScreen.tsx, /tailwind.css[22m
[2m00:49:52[22m [36m[1m[vite][22m[39m [32mhmr update [39m[2m/screens/OrderDetailsScreen.tsx, /tailwind.css[22m
[2m00:49:53[22m [36m[1m[vite][22m[39m [32mhmr update [39m[2m/screens/OrderDetailsScreen.tsx, /tailwind.css[22m
[2m00:50:03[22m [36m[1m[vite][22m[39m [32mhmr update [39m[2m/screens/OrderDetailsScreen.tsx, /tailwind.css[22m
[2m00:50:03[22m [36m[1m[vite][22m[39m [32mhmr update [39m[2m/screens/OrderDetailsScreen.tsx, /tailwind.css[22m
[2m00:50:13[22m [36m[1m[vite][22m[39m [32mhmr update [39m[2m/screens/OrderDetailsScreen.tsx, /tailwind.css[22m
[2m00:50:14[22m [36m[1m[vite][22m[39m [32mhmr update [39m[2m/screens/OrderDetailsScreen.tsx, /tailwind.css[22m
[2m00:50:19[22m [36m[1m[vite][22m[39m [32mhmr update [39m[2m/screens/OrderDetailsScreen.tsx, /tailwind.css[22m
[2m00:50:31[22m [36m[1m[vite][22m[39m [32mhmr update [39m[2m/screens/OrderDetailsScreen.tsx, /tailwind.css[22m
[2m00:50:39[22m [36m[1m[vite][22m[39m [32mhmr update [39m[2m/screens/OrderDetailsScreen.tsx, /tailwind.css[22m
[2m00:50:49[22m [36m[1m[vite][22m[39m [32mhmr update [39m[2m/screens/OrderDetailsScreen.tsx, /tailwind.css[22m
[2m00:50:58[22m [36m[1m[vite][22m[39m [32mhmr update [39m[2m/screens/OrderDetailsScreen.tsx, /tailwind.css[22m
[2m00:51:02[22m [36m[1m[vite][22m[39m [32mhmr update [39m[2m/screens/OrderDetailsScreen.tsx, /tailwind.css[22m
[2m00:51:07[22m [36m[1m[vite][22m[39m [32mhmr update [39m[2m/screens/OrderDetailsScreen.tsx, /tailwind.css[22m
[2m00:51:13[22m [36m[1m[vite][22m[39m [32mhmr update [39m[2m/screens/OrderDetailsScreen.tsx, /tailwind.css[22m
[2m00:51:17[22m [36m[1m[vite][22m[39m [32mhmr update [39m[2m/screens/OrderDetailsScreen.tsx, /tailwind.css[22m
[2m00:52:02[22m [36m[1m[vite][22m[39m [32mhmr update [39m[2m/screens/OrderDetailsScreen.tsx, /tailwind.css[22m
[2m00:52:11[22m [36m[1m[vite][22m[39m [32mhmr update [39m[2m/screens/OrderDetailsScreen.tsx, /tailwind.css[22m
[2m00:52:24[22m [36m[1m[vite][22m[39m [32mhmr update [39m[2m/screens/OrderDetailsScreen.tsx, /tailwind.css[22m
[2m00:52:33[22m [36m[1m[vite][22m[39m [32mhmr update [39m[2m/screens/OrderDetailsScreen.tsx, /tailwind.css[22m
[2m00:52:47[22m [36m[1m[vite][22m[39m [32mhmr update [39m[2m/screens/OrderDetailsScreen.tsx, /tailwind.css[22m
[2m00:52:47[22m [36m[1m[vite][22m[39m [32mhmr update [39m[2m/screens/OrderDetailsScreen.tsx, /tailwind.css[22m
[2m00:52:51[22m [36m[1m[vite][22m[39m [32mhmr update [39m[2m/screens/OrderDetailsScreen.tsx, /tailwind.css[22m
[2m00:53:04[22m [36m[1m[vite][22m[39m [32mhmr update [39m[2m/screens/OrderDetailsScreen.tsx, /tailwind.css[22m
[2m00:53:05[22m [36m[1m[vite][22m[39m [32mhmr update [39m[2m/screens/OrderDetailsScreen.tsx, /tailwind.css[22m
[2m00:53:11[22m [36m[1m[vite][22m[39m [32mhmr update [39m[2m/screens/OrderDetailsScreen.tsx, /tailwind.css[22m
[2m00:53:11[22m [36m[1m[vite][22m[39m [32mhmr update [39m[2m/screens/OrderDetailsScreen.tsx, /tailwind.css[22m
[2m00:53:27[22m [36m[1m[vite][22m[39m [32mhmr update [39m[2m/screens/OrderDetailsScreen.tsx, /tailwind.css[22m
[2m00:53:27[22m [36m[1m[vite][22m[39m [32mhmr update [39m[2m/screens/OrderDetailsScreen.tsx, /tailwind.css[22m
[2m00:53:46[22m [36m[1m[vite][22m[39m [32mhmr update [39m[2m/screens/OrderDetailsScreen.tsx, /tailwind.css[22m
[2m00:53:58[22m [36m[1m[vite][22m[39m [32mhmr update [39m[2m/screens/OrderDetailsScreen.tsx, /tailwind.css[22m
[2m00:53:58[22m [36m[1m[vite][22m[39m [32mhmr update [39m[2m/screens/OrderDetailsScreen.tsx, /tailwind.css[22m
[2m00:54:16[22m [36m[1m[vite][22m[39m [32mhmr update [39m[2m/screens/OrderDetailsScreen.tsx, /tailwind.css[22m
[2m00:54:16[22m [36m[1m[vite][22m[39m [32mhmr update [39m[2m/screens/OrderDetailsScreen.tsx, /tailwind.css[22m
[2m00:54:36[22m [36m[1m[vite][22m[39m [32mhmr update [39m[2m/screens/OrderDetailsScreen.tsx, /tailwind.css[22m
[2m00:54:37[22m [36m[1m[vite][22m[39m [32mhmr update [39m[2m/screens/OrderDetailsScreen.tsx, /tailwind.css[22m
[2m00:54:54[22m [36m[1m[vite][22m[39m [32mhmr update [39m[2m/screens/PublicOrderFormScreen.tsx, /tailwind.css[22m
[2m00:55:22[22m [36m[1m[vite][22m[39m [32mhmr update [39m[2m/screens/OrderDetailsScreen.tsx, /tailwind.css[22m
[2m01:11:51[22m [36m[1m[vite][22m[39m [32mpage reload [39m[2mshareUtils.ts[22m
[2m01:11:59[22m [36m[1m[vite][22m[39m [32mhmr update [39m[2m/tailwind.css, /screens/PublicOrderFormScreen.tsx, /screens/OrdersScreen.tsx, /screens/OrderDetailsScreen.tsx, /App.tsx, /screens/SettingsScreen.tsx, /screens/PartDetailsScreen.tsx, /screens/SuppliersScreen.tsx, /screens/LeadsScreen.tsx, /screens/VariantsScreen.tsx[22m
[2m01:12:04[22m [36m[1m[vite][22m[39m [32mhmr update [39m[2m/tailwind.css, /screens/PublicOrderFormScreen.tsx, /App.tsx, /screens/OrdersScreen.tsx, /screens/OrderDetailsScreen.tsx, /screens/SettingsScreen.tsx, /screens/PartDetailsScreen.tsx, /screens/SuppliersScreen.tsx, /screens/LeadsScreen.tsx, /screens/VariantsScreen.tsx[22m
[2m01:12:19[22m [36m[1m[vite][22m[39m [32mpage reload [39m[2mappSettings.ts[22m
[2m01:12:45[22m [36m[1m[vite][22m[39m [32mhmr update [39m[2m/screens/OrderDetailsScreen.tsx, /tailwind.css[22m
[2m01:12:46[22m [36m[1m[vite][22m[39m [32mhmr update [39m[2m/screens/OrderDetailsScreen.tsx, /tailwind.css[22m
[2m01:12:55[22m [36m[1m[vite][22m[39m [32mhmr update [39m[2m/screens/OrderDetailsScreen.tsx, /tailwind.css[22m
[2m01:12:55[22m [36m[1m[vite][22m[39m [32mhmr update [39m[2m/screens/OrderDetailsScreen.tsx, /tailwind.css[22m
[2m01:13:01[22m [36m[1m[vite][22m[39m [32mhmr update [39m[2m/screens/OrderDetailsScreen.tsx, /tailwind.css[22m
[2m01:13:23[22m [36m[1m[vite][22m[39m [32mhmr update [39m[2m/screens/OrderDetailsScreen.tsx, /tailwind.css[22m
[2m01:13:29[22m [36m[1m[vite][22m[39m [32mhmr update [39m[2m/screens/OrderDetailsScreen.tsx, /tailwind.css[22m
[2m01:13:37[22m [36m[1m[vite][22m[39m [32mhmr update [39m[2m/screens/OrderDetailsScreen.tsx, /tailwind.css[22m
[2m01:13:57[22m [36m[1m[vite][22m[39m [32mhmr update [39m[2m/screens/OrderDetailsScreen.tsx, /tailwind.css[22m
[2m01:14:03[22m [36m[1m[vite][22m[39m [32mhmr update [39m[2m/screens/OrderDetailsScreen.tsx, /tailwind.css[22m
[2m01:14:03[22m [36m[1m[vite][22m[39m [32mhmr update [39m[2m/screens/OrderDetailsScreen.tsx, /tailwind.css[22m
[2m01:14:43[22m [36m[1m[vite][22m[39m [32mhmr update [39m[2m/screens/OrderDetailsScreen.tsx, /tailwind.css[22m
[2m01:14:58[22m [36m[1m[vite][22m[39m [32mhmr update [39m[2m/screens/OrderDetailsScreen.tsx, /tailwind.css[22m
[2m01:15:04[22m [36m[1m[vite][22m[39m [32mhmr update [39m[2m/screens/OrderDetailsScreen.tsx, /tailwind.css[22m
[2m01:15:22[22m [36m[1m[vite][22m[39m [32mhmr update [39m[2m/screens/OrderDetailsScreen.tsx, /tailwind.css[22m
[2m01:15:48[22m [36m[1m[vite][22m[39m [32mhmr update [39m[2m/screens/OrderDetailsScreen.tsx, /tailwind.css[22m
[2m01:15:55[22m [36m[1m[vite][22m[39m [32mhmr update [39m[2m/screens/OrderDetailsScreen.tsx, /tailwind.css[22m
[2m01:16:01[22m [36m[1m[vite][22m[39m [32mhmr update [39m[2m/tailwind.css, /screens/PublicQuoteScreen.tsx[22m
[2m01:16:09[22m [36m[1m[vite][22m[39m [32mhmr update [39m[2m/screens/PublicQuoteScreen.tsx, /tailwind.css[22m
[2m01:16:16[22m [36m[1m[vite][22m[39m [32mhmr update [39m[2m/components/EstimateModal.tsx, /tailwind.css[22m
[2m02:25:06[22m [36m[1m[vite][22m[39m [32mhmr update [39m[2m/screens/OrderDetailsScreen.tsx, /tailwind.css[22m
[2m02:25:12[22m [36m[1m[vite][22m[39m [32mhmr update [39m[2m/screens/OrderDetailsScreen.tsx, /tailwind.css[22m
[2m02:25:23[22m [36m[1m[vite][22m[39m [32mhmr update [39m[2m/screens/OrderDetailsScreen.tsx, /tailwind.css[22m
[2m02:25:38[22m [36m[1m[vite][22m[39m [32mhmr update [39m[2m/screens/OrderDetailsScreen.tsx, /tailwind.css[22m
[2m02:25:42[22m [36m[1m[vite][22m[39m [32mhmr update [39m[2m/screens/OrderDetailsScreen.tsx, /tailwind.css[22m
[2m02:25:56[22m [36m[1m[vite][22m[39m [32mhmr update [39m[2m/screens/OrderDetailsScreen.tsx, /tailwind.css[22m
[2m02:26:04[22m [36m[1m[vite][22m[39m [32mhmr update [39m[2m/screens/OrderDetailsScreen.tsx, /tailwind.css[22m
[2m02:26:32[22m [36m[1m[vite][22m[39m [32mhmr update [39m[2m/screens/OrderDetailsScreen.tsx, /tailwind.css[22m
[2m02:27:04[22m [36m[1m[vite][22m[39m [32mhmr update [39m[2m/screens/OrderDetailsScreen.tsx, /tailwind.css[22m
[2m02:27:27[22m [36m[1m[vite][22m[39m [32mpage reload [39m[2mshareUtils.ts[22m
[2m02:28:08[22m [36m[1m[vite][22m[39m [32mhmr update [39m[2m/screens/OrderDetailsScreen.tsx, /tailwind.css[22m
[2m02:28:14[22m [36m[1m[vite][22m[39m [32mhmr update [39m[2m/screens/PartDetailsScreen.tsx, /tailwind.css[22m
[2m02:28:20[22m [36m[1m[vite][22m[39m [32mhmr update [39m[2m/screens/PartDetailsScreen.tsx, /tailwind.css[22m
[2m02:29:47[22m [36m[1m[vite][22m[39m [32mhmr update [39m[2m/screens/PartDetailsScreen.tsx, /tailwind.css[22m
[2m02:32:00[22m [36m[1m[vite][22m[39m [32mhmr update [39m[2m/screens/PartDetailsScreen.tsx, /tailwind.css[22m
[2m02:32:08[22m [36m[1m[vite][22m[39m [32mhmr update [39m[2m/screens/PartDetailsScreen.tsx, /tailwind.css[22m
[2m02:32:08[22m [36m[1m[vite][22m[39m [32mhmr update [39m[2m/screens/PartDetailsScreen.tsx, /tailwind.css[22m
[2m02:36:41[22m [36m[1m[vite][22m[39m [32mpage reload [39m[2mshareUtils.ts[22m
[2m02:37:17[22m [36m[1m[vite][22m[39m [32mhmr update [39m[2m/screens/OrderDetailsScreen.tsx, /tailwind.css[22m
[2m02:37:17[22m [36m[1m[vite][22m[39m [32mhmr update [39m[2m/screens/OrderDetailsScreen.tsx, /tailwind.css[22m
[2m02:38:18[22m [36m[1m[vite][22m[39m [32mpage reload [39m[2mshareUtils.ts[22m
[2m15:44:25[22m [36m[1m[vite][22m[39m [32mhmr update [39m[2m/App.tsx, /tailwind.css[22m
[2m15:50:27[22m [36m[1m[vite][22m[39m [32mhmr update [39m[2m/screens/NewOrderScreen.tsx, /tailwind.css[22m
[2m15:50:42[22m [36m[1m[vite][22m[39m [32mhmr update [39m[2m/App.tsx, /tailwind.css[22m
[2m16:18:42[22m [36m[1m[vite][22m[39m [32mhmr update [39m[2m/screens/PublicQuoteScreen.tsx, /tailwind.css[22m
[2m16:19:31[22m [36m[1m[vite][22m[39m [32mhmr update [39m[2m/screens/PublicQuoteScreen.tsx, /tailwind.css[22m
[2m16:20:17[22m [36m[1m[vite][22m[39m [32mhmr update [39m[2m/screens/PublicQuoteScreen.tsx, /tailwind.css[22m
[2m16:21:12[22m [36m[1m[vite][22m[39m [32mhmr update [39m[2m/screens/PublicQuoteScreen.tsx, /tailwind.css[22m
[2m16:21:52[22m [36m[1m[vite][22m[39m [32mhmr update [39m[2m/screens/PublicQuoteScreen.tsx, /tailwind.css[22m
[2m16:23:45[22m [36m[1m[vite][22m[39m [32mhmr update [39m[2m/screens/PublicQuoteScreen.tsx, /tailwind.css[22m
[2m16:24:55[22m [36m[1m[vite][22m[39m [32mhmr update [39m[2m/screens/PublicQuoteScreen.tsx, /tailwind.css[22m
[2m16:25:31[22m [36m[1m[vite][22m[39m [32mhmr update [39m[2m/screens/PublicQuoteScreen.tsx, /tailwind.css[22m
[2m16:56:08[22m [36m[1m[vite][22m[39m [32mhmr update [39m[2m/screens/PublicQuoteScreen.tsx, /tailwind.css[22m
[2m16:56:17[22m [36m[1m[vite][22m[39m [32mhmr update [39m[2m/screens/PublicQuoteScreen.tsx, /tailwind.css[22m
[2m16:57:14[22m [36m[1m[vite][22m[39m [32mhmr update [39m[2m/screens/PublicQuoteScreen.tsx, /tailwind.css[22m
[2m16:58:36[22m [36m[1m[vite][22m[39m [32mhmr update [39m[2m/screens/PublicQuoteScreen.tsx, /tailwind.css[22m
[2m17:03:57[22m [36m[1m[vite][22m[39m [32mhmr update [39m[2m/screens/PublicQuoteScreen.tsx, /tailwind.css[22m
[2m17:17:58[22m [36m[1m[vite][22m[39m [32mhmr update [39m[2m/screens/PublicQuoteScreen.tsx, /tailwind.css[22m
[2m17:18:12[22m [36m[1m[vite][22m[39m [32mhmr update [39m[2m/screens/PublicQuoteScreen.tsx, /tailwind.css[22m
[2m17:19:11[22m [36m[1m[vite][22m[39m [32mhmr update [39m[2m/screens/PublicQuoteScreen.tsx, /tailwind.css[22m
[2m17:19:57[22m [36m[1m[vite][22m[39m [32mhmr update [39m[2m/screens/PublicQuoteScreen.tsx, /tailwind.css[22m
[2m17:20:14[22m [36m[1m[vite][22m[39m [32mhmr update [39m[2m/screens/PublicQuoteScreen.tsx, /tailwind.css[22m
[2m17:25:51[22m [36m[1m[vite][22m[39m [32mhmr update [39m[2m/screens/PublicQuoteScreen.tsx, /tailwind.css[22m
[2m17:26:02[22m [36m[1m[vite][22m[39m [32mhmr update [39m[2m/screens/PublicQuoteScreen.tsx, /tailwind.css[22m
[2m17:26:09[22m [36m[1m[vite][22m[39m [32mhmr update [39m[2m/screens/PublicQuoteScreen.tsx, /tailwind.css[22m
[2m17:26:42[22m [36m[1m[vite][22m[39m [32mhmr update [39m[2m/screens/PublicQuoteScreen.tsx, /tailwind.css[22m
[2m17:27:09[22m [36m[1m[vite][22m[39m [32mhmr update [39m[2m/screens/PublicQuoteScreen.tsx, /tailwind.css[22m
[2m18:24:03[22m [36m[1m[vite][22m[39m [32mhmr update [39m[2m/screens/OrderDetailsScreen.tsx, /tailwind.css[22m
[2m18:24:10[22m [36m[1m[vite][22m[39m [32mhmr update [39m[2m/screens/OrderDetailsScreen.tsx, /tailwind.css[22m
[2m18:24:15[22m [36m[1m[vite][22m[39m [32mhmr update [39m[2m/screens/OrderDetailsScreen.tsx, /tailwind.css[22m
[2m18:24:32[22m [36m[1m[vite][22m[39m [32mhmr update [39m[2m/screens/OrderDetailsScreen.tsx, /tailwind.css[22m
[2m18:24:39[22m [36m[1m[vite][22m[39m [32mhmr update [39m[2m/screens/OrderDetailsScreen.tsx, /tailwind.css[22m
[2m18:24:50[22m [36m[1m[vite][22m[39m [32mhmr update [39m[2m/screens/OrderDetailsScreen.tsx, /tailwind.css[22m
[2m18:25:04[22m [36m[1m[vite][22m[39m [32mhmr update [39m[2m/screens/OrderDetailsScreen.tsx, /tailwind.css[22m
[2m18:25:12[22m [36m[1m[vite][22m[39m [32mhmr update [39m[2m/screens/OrderDetailsScreen.tsx, /tailwind.css[22m
[2m18:25:48[22m [36m[1m[vite][22m[39m [32mhmr update [39m[2m/screens/OrderDetailsScreen.tsx, /tailwind.css[22m
[2m18:25:55[22m [36m[1m[vite][22m[39m [32mpage reload [39m[2mpublicQuoteApi.ts[22m
[2m18:26:05[22m [36m[1m[vite][22m[39m [32mpage reload [39m[2mpublicQuoteApi.ts[22m
[2m18:26:06[22m [36m[1m[vite][22m[39m [32mpage reload [39m[2mpublicQuoteApi.ts[22m
[2m18:26:26[22m [36m[1m[vite][22m[39m [32mpage reload [39m[2mpublicQuoteApi.ts[22m
[2m18:26:31[22m [36m[1m[vite][22m[39m [32mpage reload [39m[2mpublicQuoteApi.ts[22m
[2m18:26:46[22m [36m[1m[vite][22m[39m [32mhmr update [39m[2m/tailwind.css, /screens/PublicQuoteScreen.tsx[22m
[2m18:26:53[22m [36m[1m[vite][22m[39m [32mhmr update [39m[2m/screens/PublicQuoteScreen.tsx, /tailwind.css[22m
[2m18:27:45[22m [36m[1m[vite][22m[39m [32mhmr update [39m[2m/screens/PublicQuoteScreen.tsx, /tailwind.css[22m
[2m18:27:46[22m [36m[1m[vite][22m[39m [32mhmr update [39m[2m/screens/PublicQuoteScreen.tsx, /tailwind.css[22m
[2m18:27:59[22m [36m[1m[vite][22m[39m [32mhmr update [39m[2m/components/EstimateModal.tsx, /tailwind.css[22m
[2m18:28:22[22m [36m[1m[vite][22m[39m [32mhmr update [39m[2m/components/EstimateModal.tsx, /tailwind.css[22m
[2m18:28:42[22m [36m[1m[vite][22m[39m [32mhmr update [39m[2m/components/EstimateModal.tsx, /tailwind.css[22m
[2m18:28:50[22m [36m[1m[vite][22m[39m [32mhmr update [39m[2m/tailwind.css, /screens/PublicQuoteScreen.tsx, /components/EstimateModal.tsx[22m
[2m18:29:03[22m [36m[1m[vite][22m[39m [32mhmr update [39m[2m/tailwind.css, /screens/PublicQuoteScreen.tsx, /components/EstimateModal.tsx[22m
[2m18:29:11[22m [36m[1m[vite][22m[39m [32mhmr update [39m[2m/tailwind.css, /screens/PublicQuoteScreen.tsx, /components/EstimateModal.tsx[22m
[2m18:29:16[22m [36m[1m[vite][22m[39m [32mhmr update [39m[2m/tailwind.css, /screens/PublicQuoteScreen.tsx, /components/EstimateModal.tsx[22m
[2m18:29:22[22m [36m[1m[vite][22m[39m [32mhmr update [39m[2m/tailwind.css, /screens/PublicQuoteScreen.tsx, /components/EstimateModal.tsx[22m
[2m18:29:30[22m [36m[1m[vite][22m[39m [32mhmr update [39m[2m/tailwind.css, /screens/PublicQuoteScreen.tsx, /components/EstimateModal.tsx[22m
[2m18:30:21[22m [36m[1m[vite][22m[39m [32mpage reload [39m[2mutils/quotePricing.ts[22m
[2m18:32:46[22m [36m[1m[vite][22m[39m [32mhmr update [39m[2m/screens/OrderDetailsScreen.tsx, /tailwind.css[22m
[2m23:32:06[22m [36m[1m[vite][22m[39m [32mpage reload [39m[2mutils/quotePricing.ts[22m
[2m23:32:13[22m [36m[1m[vite][22m[39m [32mhmr update [39m[2m/tailwind.css, /screens/PublicOrderFormScreen.tsx, /screens/OrdersScreen.tsx, /screens/OrderDetailsScreen.tsx, /screens/NewOrderScreen.tsx, /App.tsx, /screens/SettingsScreen.tsx, /screens/PartDetailsScreen.tsx, /screens/SuppliersScreen.tsx, /screens/LeadsScreen.tsx, /screens/VariantsScreen.tsx, /screens/NotificationsScreen.tsx[22m
[2m23:32:29[22m [36m[1m[vite][22m[39m [32mhmr update [39m[2m/tailwind.css, /screens/PublicOrderFormScreen.tsx, /App.tsx, /screens/OrdersScreen.tsx, /screens/OrderDetailsScreen.tsx, /screens/SettingsScreen.tsx, /screens/PartDetailsScreen.tsx, /screens/SuppliersScreen.tsx, /screens/LeadsScreen.tsx, /screens/VariantsScreen.tsx, /screens/NewOrderScreen.tsx, /screens/NotificationsScreen.tsx[22m
[2m23:32:41[22m [36m[1m[vite][22m[39m [32mhmr update [39m[2m/tailwind.css, /screens/PublicOrderFormScreen.tsx, /App.tsx, /screens/OrdersScreen.tsx, /screens/OrderDetailsScreen.tsx, /screens/SettingsScreen.tsx, /screens/PartDetailsScreen.tsx, /screens/SuppliersScreen.tsx, /screens/LeadsScreen.tsx, /screens/VariantsScreen.tsx, /screens/NewOrderScreen.tsx, /screens/NotificationsScreen.tsx[22m
[2m23:32:54[22m [36m[1m[vite][22m[39m [32mpage reload [39m[2mpublicQuoteApi.ts[22m
[2m23:33:06[22m [36m[1m[vite][22m[39m [32mpage reload [39m[2mpublicQuoteApi.ts[22m
[2m23:33:21[22m [36m[1m[vite][22m[39m [32mpage reload [39m[2mpublicQuoteApi.ts[22m
[2m23:33:33[22m [36m[1m[vite][22m[39m [32mpage reload [39m[2mpublicQuoteApi.ts[22m
[2m23:33:38[22m [36m[1m[vite][22m[39m [32mpage reload [39m[2mpublicQuoteApi.ts[22m
[2m23:33:49[22m [36m[1m[vite][22m[39m [32mpage reload [39m[2mpublicQuoteApi.ts[22m
[2m23:33:58[22m [36m[1m[vite][22m[39m [32mpage reload [39m[2mpublicQuoteApi.ts[22m
[2m23:34:05[22m [36m[1m[vite][22m[39m [32mhmr update [39m[2m/tailwind.css, /screens/PublicQuoteScreen.tsx[22m
[2m23:34:37[22m [36m[1m[vite][22m[39m [32mhmr update [39m[2m/screens/PublicQuoteScreen.tsx, /tailwind.css[22m
[2m23:34:45[22m [36m[1m[vite][22m[39m [32mhmr update [39m[2m/screens/PublicQuoteScreen.tsx, /tailwind.css[22m
[2m23:34:52[22m [36m[1m[vite][22m[39m [32mhmr update [39m[2m/tailwind.css, /screens/PublicQuoteScreen.tsx, /components/EstimateModal.tsx[22m
[2m23:35:13[22m [36m[1m[vite][22m[39m [32mhmr update [39m[2m/tailwind.css, /screens/PublicQuoteScreen.tsx, /components/EstimateModal.tsx[22m
[2m23:35:23[22m [36m[1m[vite][22m[39m [32mhmr update [39m[2m/components/EstimateModal.tsx, /tailwind.css[22m
[2m23:35:37[22m [36m[1m[vite][22m[39m [32mhmr update [39m[2m/components/EstimateModal.tsx, /tailwind.css[22m
[2m23:35:57[22m [36m[1m[vite][22m[39m [32mhmr update [39m[2m/components/EstimateModal.tsx, /tailwind.css[22m
[2m23:36:14[22m [36m[1m[vite][22m[39m [32mhmr update [39m[2m/screens/OrderDetailsScreen.tsx, /tailwind.css[22m
[2m23:36:24[22m [36m[1m[vite][22m[39m [32mhmr update [39m[2m/screens/OrderDetailsScreen.tsx, /tailwind.css[22m
[2m23:36:28[22m [36m[1m[vite][22m[39m [32mhmr update [39m[2m/screens/OrderDetailsScreen.tsx, /tailwind.css[22m
[2m23:36:45[22m [36m[1m[vite][22m[39m [32mhmr update [39m[2m/screens/OrderDetailsScreen.tsx, /tailwind.css[22m
[2m23:36:55[22m [36m[1m[vite][22m[39m [32mhmr update [39m[2m/screens/OrderDetailsScreen.tsx, /tailwind.css[22m
[2m23:37:38[22m [36m[1m[vite][22m[39m [32mhmr update [39m[2m/screens/OrderDetailsScreen.tsx, /tailwind.css[22m
[2m23:37:45[22m [36m[1m[vite][22m[39m [32mhmr update [39m[2m/screens/OrderDetailsScreen.tsx, /tailwind.css[22m
[2m23:37:57[22m [36m[1m[vite][22m[39m [32mhmr update [39m[2m/screens/OrderDetailsScreen.tsx, /tailwind.css[22m
[2m23:38:03[22m [36m[1m[vite][22m[39m [32mhmr update [39m[2m/screens/OrderDetailsScreen.tsx, /tailwind.css[22m
[2m23:38:12[22m [36m[1m[vite][22m[39m [32mhmr update [39m[2m/screens/OrderDetailsScreen.tsx, /tailwind.css[22m
[2m23:38:39[22m [36m[1m[vite][22m[39m [32mhmr update [39m[2m/screens/OrderDetailsScreen.tsx, /tailwind.css[22m
[2m23:38:46[22m [36m[1m[vite][22m[39m [32mhmr update [39m[2m/screens/OrderDetailsScreen.tsx, /tailwind.css[22m
[2m23:39:10[22m [36m[1m[vite][22m[39m [32mhmr update [39m[2m/screens/OrderDetailsScreen.tsx, /tailwind.css[22m
[2m23:39:58[22m [36m[1m[vite][22m[39m [32mhmr update [39m[2m/screens/OrderDetailsScreen.tsx, /tailwind.css[22m
[2m23:41:09[22m [36m[1m[vite][22m[39m [32mhmr update [39m[2m/screens/OrderDetailsScreen.tsx, /tailwind.css[22m
[2m23:41:29[22m [36m[1m[vite][22m[39m [32mhmr update [39m[2m/screens/OrderDetailsScreen.tsx, /tailwind.css[22m
[2m23:41:57[22m [36m[1m[vite][22m[39m [32mhmr update [39m[2m/screens/OrderDetailsScreen.tsx, /tailwind.css[22m
[2m23:42:08[22m [36m[1m[vite][22m[39m [32mhmr update [39m[2m/screens/OrderDetailsScreen.tsx, /tailwind.css[22m
[2m23:42:22[22m [36m[1m[vite][22m[39m [32mhmr update [39m[2m/screens/OrderDetailsScreen.tsx, /tailwind.css[22m
[2m23:42:31[22m [36m[1m[vite][22m[39m [32mhmr update [39m[2m/screens/PartDetailsScreen.tsx, /tailwind.css[22m
[2m23:42:57[22m [36m[1m[vite][22m[39m [32mhmr update [39m[2m/screens/VariantsScreen.tsx, /tailwind.css[22m
[2m23:43:13[22m [36m[1m[vite][22m[39m [32mpage reload [39m[2mpublicQuoteApi.ts[22m
[2m23:43:23[22m [36m[1m[vite][22m[39m [32mpage reload [39m[2mpublicQuoteApi.ts[22m
[2m23:43:35[22m [36m[1m[vite][22m[39m [32mhmr update [39m[2m/tailwind.css, /screens/PublicOrderFormScreen.tsx, /App.tsx, /screens/OrdersScreen.tsx, /screens/OrderDetailsScreen.tsx, /screens/SettingsScreen.tsx, /screens/PartDetailsScreen.tsx, /screens/SuppliersScreen.tsx, /screens/LeadsScreen.tsx, /screens/VariantsScreen.tsx, /screens/NewOrderScreen.tsx, /screens/NotificationsScreen.tsx[22m
